[     396ms] [ERROR] Failed to load resource: the server responded with a status of 404 (Not Found) @ http://localhost:3010/_vercel/insights/script.js:0
[     396ms] [LOG] [Vercel Web Analytics] Failed to load script from /_vercel/insights/script.js. Be sure to enable Web Analytics for your project and deploy again. See https://vercel.com/docs/analytics/quickstart for more information. @ http://localhost:3010/_next/static/chunks/305-18534a90f6117dfa.js:0
[     396ms] [ERROR] Failed to load resource: the server responded with a status of 404 (Not Found) @ http://localhost:3010/_vercel/speed-insights/script.js:0
[     396ms] [LOG] [Vercel Speed Insights] Failed to load script from /_vercel/speed-insights/script.js. Please check if any content blockers are enabled and try again. @ http://localhost:3010/_next/static/chunks/305-18534a90f6117dfa.js:0
[   20501ms] [ERROR] Failed to load resource: the server responded with a status of 404 (Not Found) @ http://localhost:3010/_vercel/speed-insights/script.js:0
[   20501ms] [ERROR] Failed to load resource: the server responded with a status of 404 (Not Found) @ http://localhost:3010/_vercel/insights/script.js:0
[   20501ms] [LOG] [Vercel Speed Insights] Failed to load script from /_vercel/speed-insights/script.js. Please check if any content blockers are enabled and try again. @ http://localhost:3010/_next/static/chunks/305-18534a90f6117dfa.js:0
[   20501ms] [LOG] [Vercel Web Analytics] Failed to load script from /_vercel/insights/script.js. Be sure to enable Web Analytics for your project and deploy again. See https://vercel.com/docs/analytics/quickstart for more information. @ http://localhost:3010/_next/static/chunks/305-18534a90f6117dfa.js:0
[   45936ms] [ERROR] Failed to load resource: the server responded with a status of 404 (Not Found) @ http://localhost:3010/_vercel/insights/script.js:0
[   45936ms] [ERROR] Failed to load resource: the server responded with a status of 404 (Not Found) @ http://localhost:3010/_vercel/speed-insights/script.js:0
[   45936ms] [LOG] [Vercel Web Analytics] Failed to load script from /_vercel/insights/script.js. Be sure to enable Web Analytics for your project and deploy again. See https://vercel.com/docs/analytics/quickstart for more information. @ http://localhost:3010/_next/static/chunks/305-18534a90f6117dfa.js:0
[   45936ms] [LOG] [Vercel Speed Insights] Failed to load script from /_vercel/speed-insights/script.js. Please check if any content blockers are enabled and try again. @ http://localhost:3010/_next/static/chunks/305-18534a90f6117dfa.js:0
[   66919ms] [ERROR] Failed to load resource: the server responded with a status of 404 (Not Found) @ http://localhost:3010/_vercel/insights/script.js:0
[   66919ms] [ERROR] Failed to load resource: the server responded with a status of 404 (Not Found) @ http://localhost:3010/_vercel/speed-insights/script.js:0
[   66919ms] [LOG] [Vercel Web Analytics] Failed to load script from /_vercel/insights/script.js. Be sure to enable Web Analytics for your project and deploy again. See https://vercel.com/docs/analytics/quickstart for more information. @ http://localhost:3010/_next/static/chunks/305-18534a90f6117dfa.js:0
[   66919ms] [LOG] [Vercel Speed Insights] Failed to load script from /_vercel/speed-insights/script.js. Please check if any content blockers are enabled and try again. @ http://localhost:3010/_next/static/chunks/305-18534a90f6117dfa.js:0
[   68019ms] [ERROR] Failed to load resource: the server responded with a status of 404 (Not Found) @ http://localhost:3010/_vercel/insights/script.js:0
[   68020ms] [LOG] [Vercel Web Analytics] Failed to load script from /_vercel/insights/script.js. Be sure to enable Web Analytics for your project and deploy again. See https://vercel.com/docs/analytics/quickstart for more information. @ http://localhost:3010/_next/static/chunks/305-18534a90f6117dfa.js:0
[   68020ms] [ERROR] Failed to load resource: the server responded with a status of 404 (Not Found) @ http://localhost:3010/_vercel/speed-insights/script.js:0
[   68020ms] [LOG] [Vercel Speed Insights] Failed to load script from /_vercel/speed-insights/script.js. Please check if any content blockers are enabled and try again. @ http://localhost:3010/_next/static/chunks/305-18534a90f6117dfa.js:0
[   71332ms] [WARNING] The resource http://localhost:3010/_next/image?url=%2Fblogs%2Fresident-evil-4-analysis%2Fhero-official.webp&w=640&q=75 was preloaded using link preload but not used within a few seconds from the window's load event. Please make sure it has an appropriate `as` value and it is preloaded intentionally. @ http://localhost:3010/blogs/buying-time-resident-evil-4-remake:0
