[      98ms] [LOG] %c[Vercel Speed Insights]%c [vitals] color: rgb(120, 120, 120) color: inherit {speed: 4g, metrics: Array(5), scriptVersion: 0.1.3, sdkName: @vercel/speed-insights/next, sdkVersion: 2.0.0} /_vercel/speed-insights/vitals @ http://localhost:3000/_next/static/chunks/04hi_next_dist_0a4z2qt._.js:776
[      98ms] [LOG] %c[Vercel Speed Insights]%c [vitals] color: rgb(120, 120, 120) color: inherit {speed: 4g, metrics: Array(1), scriptVersion: 0.1.3, sdkName: @vercel/speed-insights/next, sdkVersion: 2.0.0} /_vercel/speed-insights/vitals @ http://localhost:3000/_next/static/chunks/04hi_next_dist_0a4z2qt._.js:776
[     117ms] [INFO] %cDownload the React DevTools for a better development experience: https://react.dev/link/react-devtools font-weight:bold @ http://localhost:3000/_next/static/chunks/04hi_next_dist_0a4z2qt._.js:776
[     127ms] [LOG] [HMR] connected @ http://localhost:3000/_next/static/chunks/04hi_next_dist_0a4z2qt._.js:776
[     183ms] [LOG] %c[Vercel Web Analytics]%c Debug mode is enabled by default in development. No requests will be sent to the server. color: rgb(120, 120, 120) color: inherit @ http://localhost:3000/_next/static/chunks/04hi_next_dist_0a4z2qt._.js:776
[     183ms] [LOG] %c[Vercel Web Analytics]%c Running queued event color: rgb(120, 120, 120) color: inherit pageview {route: /blogs, path: /blogs} @ http://localhost:3000/_next/static/chunks/04hi_next_dist_0a4z2qt._.js:776
[     183ms] [LOG] %c[Vercel Web Analytics]%c Running queued event color: rgb(120, 120, 120) color: inherit pageview {route: /blogs, path: /blogs} @ http://localhost:3000/_next/static/chunks/04hi_next_dist_0a4z2qt._.js:776
[     183ms] [LOG] %c[Vercel Web Analytics]%c [view] http://localhost:3000/blogs?preview=drafts color: rgb(120, 120, 120) color: inherit {o: http://localhost:3000/blogs?preview=drafts, sv: 0.1.3, sdkn: @vercel/analytics/next, sdkv: 2.0.1, ts: 1790883305676} /_vercel/insights/view @ http://localhost:3000/_next/static/chunks/04hi_next_dist_0a4z2qt._.js:776
[     183ms] [LOG] %c[Vercel Web Analytics]%c [view] http://localhost:3000/blogs?preview=drafts color: rgb(120, 120, 120) color: inherit {o: http://localhost:3000/blogs?preview=drafts, sv: 0.1.3, sdkn: @vercel/analytics/next, sdkv: 2.0.1, ts: 1790883305676} /_vercel/insights/view @ http://localhost:3000/_next/static/chunks/04hi_next_dist_0a4z2qt._.js:776
[     183ms] [LOG] %c[Vercel Speed Insights]%c Debug mode is enabled by default in development. No requests will be sent to the server. color: rgb(120, 120, 120) color: inherit @ http://localhost:3000/_next/static/chunks/04hi_next_dist_0a4z2qt._.js:776
[     297ms] [WARNING] Image with src "/blogs/resident-evil-4-analysis/hero-official.webp" was detected as the Largest Contentful Paint (LCP). Please add the `loading="eager"` property if this image is above the fold.
Read more: https://nextjs.org/docs/app/api-reference/components/image#loading @ http://localhost:3000/_next/static/chunks/04hi_next_dist_0a4z2qt._.js:776
[   33818ms] [LOG] %c[Vercel Speed Insights]%c [vitals] color: rgb(120, 120, 120) color: inherit {speed: 4g, metrics: Array(5), scriptVersion: 0.1.3, sdkName: @vercel/speed-insights/next, sdkVersion: 2.0.0} /_vercel/speed-insights/vitals @ http://localhost:3000/_next/static/chunks/04hi_next_dist_0a4z2qt._.js:776
[   33818ms] [LOG] %c[Vercel Speed Insights]%c [vitals] color: rgb(120, 120, 120) color: inherit {speed: 4g, metrics: Array(1), scriptVersion: 0.1.3, sdkName: @vercel/speed-insights/next, sdkVersion: 2.0.0} /_vercel/speed-insights/vitals @ http://localhost:3000/_next/static/chunks/04hi_next_dist_0a4z2qt._.js:776
[   33845ms] [INFO] %cDownload the React DevTools for a better development experience: https://react.dev/link/react-devtools font-weight:bold @ http://localhost:3000/_next/static/chunks/04hi_next_dist_0a4z2qt._.js:776
[   33852ms] [LOG] [HMR] connected @ http://localhost:3000/_next/static/chunks/04hi_next_dist_0a4z2qt._.js:776
[   33901ms] [LOG] %c[Vercel Web Analytics]%c Debug mode is enabled by default in development. No requests will be sent to the server. color: rgb(120, 120, 120) color: inherit @ http://localhost:3000/_next/static/chunks/04hi_next_dist_0a4z2qt._.js:776
[   33901ms] [LOG] %c[Vercel Web Analytics]%c Running queued event color: rgb(120, 120, 120) color: inherit pageview {route: /blogs, path: /blogs} @ http://localhost:3000/_next/static/chunks/04hi_next_dist_0a4z2qt._.js:776
[   33901ms] [LOG] %c[Vercel Web Analytics]%c Running queued event color: rgb(120, 120, 120) color: inherit pageview {route: /blogs, path: /blogs} @ http://localhost:3000/_next/static/chunks/04hi_next_dist_0a4z2qt._.js:776
[   33901ms] [LOG] %c[Vercel Web Analytics]%c [view] http://localhost:3000/blogs color: rgb(120, 120, 120) color: inherit {o: http://localhost:3000/blogs, sv: 0.1.3, sdkn: @vercel/analytics/next, sdkv: 2.0.1, ts: 1790883339394} /_vercel/insights/view @ http://localhost:3000/_next/static/chunks/04hi_next_dist_0a4z2qt._.js:776
[   33901ms] [LOG] %c[Vercel Web Analytics]%c [view] http://localhost:3000/blogs color: rgb(120, 120, 120) color: inherit {o: http://localhost:3000/blogs, sv: 0.1.3, sdkn: @vercel/analytics/next, sdkv: 2.0.1, ts: 1790883339394} /_vercel/insights/view @ http://localhost:3000/_next/static/chunks/04hi_next_dist_0a4z2qt._.js:776
[   33901ms] [LOG] %c[Vercel Speed Insights]%c Debug mode is enabled by default in development. No requests will be sent to the server. color: rgb(120, 120, 120) color: inherit @ http://localhost:3000/_next/static/chunks/04hi_next_dist_0a4z2qt._.js:776
[   33979ms] [LOG] %c[Vercel Speed Insights]%c [vitals] color: rgb(120, 120, 120) color: inherit {speed: 4g, metrics: Array(3), scriptVersion: 0.1.3, sdkName: @vercel/speed-insights/next, sdkVersion: 2.0.0} /_vercel/speed-insights/vitals @ http://localhost:3000/_next/static/chunks/04hi_next_dist_0a4z2qt._.js:776
[   33979ms] [LOG] %c[Vercel Speed Insights]%c [vitals] color: rgb(120, 120, 120) color: inherit {speed: 4g, metrics: Array(1), scriptVersion: 0.1.3, sdkName: @vercel/speed-insights/next, sdkVersion: 2.0.0} /_vercel/speed-insights/vitals @ http://localhost:3000/_next/static/chunks/04hi_next_dist_0a4z2qt._.js:776
[   34096ms] [ERROR] Failed to load resource: the server responded with a status of 404 (Not Found) @ http://localhost:3001/_vercel/insights/script.js:0
[   34096ms] [LOG] [Vercel Web Analytics] Failed to load script from /_vercel/insights/script.js. Be sure to enable Web Analytics for your project and deploy again. See https://vercel.com/docs/analytics/quickstart for more information. @ http://localhost:3001/_next/static/chunks/305-18534a90f6117dfa.js:0
[   34097ms] [ERROR] Failed to load resource: the server responded with a status of 404 (Not Found) @ http://localhost:3001/_vercel/speed-insights/script.js:0
[   34098ms] [LOG] [Vercel Speed Insights] Failed to load script from /_vercel/speed-insights/script.js. Please check if any content blockers are enabled and try again. @ http://localhost:3001/_next/static/chunks/305-18534a90f6117dfa.js:0
[   34192ms] [ERROR] Failed to load resource: the server responded with a status of 404 (Not Found) @ http://localhost:3001/_vercel/insights/script.js:0
[   34192ms] [LOG] [Vercel Web Analytics] Failed to load script from /_vercel/insights/script.js. Be sure to enable Web Analytics for your project and deploy again. See https://vercel.com/docs/analytics/quickstart for more information. @ http://localhost:3001/_next/static/chunks/305-18534a90f6117dfa.js:0
[   34192ms] [ERROR] Failed to load resource: the server responded with a status of 404 (Not Found) @ http://localhost:3001/_vercel/speed-insights/script.js:0
[   34192ms] [LOG] [Vercel Speed Insights] Failed to load script from /_vercel/speed-insights/script.js. Please check if any content blockers are enabled and try again. @ http://localhost:3001/_next/static/chunks/305-18534a90f6117dfa.js:0
[   34268ms] [ERROR] Failed to load resource: the server responded with a status of 404 (Not Found) @ http://localhost:3001/blogs/buying-time-resident-evil-4-remake:0
[   34320ms] [ERROR] Failed to load resource: the server responded with a status of 404 (Not Found) @ http://localhost:3001/_vercel/insights/script.js:0
[   34320ms] [LOG] [Vercel Web Analytics] Failed to load script from /_vercel/insights/script.js. Be sure to enable Web Analytics for your project and deploy again. See https://vercel.com/docs/analytics/quickstart for more information. @ http://localhost:3001/_next/static/chunks/305-18534a90f6117dfa.js:0
[   34321ms] [ERROR] Failed to load resource: the server responded with a status of 404 (Not Found) @ http://localhost:3001/_vercel/speed-insights/script.js:0
[   34321ms] [LOG] [Vercel Speed Insights] Failed to load script from /_vercel/speed-insights/script.js. Please check if any content blockers are enabled and try again. @ http://localhost:3001/_next/static/chunks/305-18534a90f6117dfa.js:0
[   34361ms] [ERROR] Failed to load resource: the server responded with a status of 404 (Not Found) @ http://localhost:3001/blogs/buying-time-resident-evil-4-remake?preview=drafts:0
[   34411ms] [ERROR] Failed to load resource: the server responded with a status of 404 (Not Found) @ http://localhost:3001/_vercel/insights/script.js:0
[   34411ms] [LOG] [Vercel Web Analytics] Failed to load script from /_vercel/insights/script.js. Be sure to enable Web Analytics for your project and deploy again. See https://vercel.com/docs/analytics/quickstart for more information. @ http://localhost:3001/_next/static/chunks/305-18534a90f6117dfa.js:0
[   34412ms] [ERROR] Failed to load resource: the server responded with a status of 404 (Not Found) @ http://localhost:3001/_vercel/speed-insights/script.js:0
[   34412ms] [LOG] [Vercel Speed Insights] Failed to load script from /_vercel/speed-insights/script.js. Please check if any content blockers are enabled and try again. @ http://localhost:3001/_next/static/chunks/305-18534a90f6117dfa.js:0
[   34450ms] [ERROR] Failed to load resource: the server responded with a status of 404 (Not Found) @ http://localhost:3001/blogs/unknown-slug:0
[   34502ms] [ERROR] Failed to load resource: the server responded with a status of 404 (Not Found) @ http://localhost:3001/_vercel/insights/script.js:0
[   34502ms] [LOG] [Vercel Web Analytics] Failed to load script from /_vercel/insights/script.js. Be sure to enable Web Analytics for your project and deploy again. See https://vercel.com/docs/analytics/quickstart for more information. @ http://localhost:3001/_next/static/chunks/305-18534a90f6117dfa.js:0
[   34503ms] [ERROR] Failed to load resource: the server responded with a status of 404 (Not Found) @ http://localhost:3001/_vercel/speed-insights/script.js:0
[   34503ms] [LOG] [Vercel Speed Insights] Failed to load script from /_vercel/speed-insights/script.js. Please check if any content blockers are enabled and try again. @ http://localhost:3001/_next/static/chunks/305-18534a90f6117dfa.js:0
